Pooi [Prototype-based, object-oriented interpreter]

type in your message
try "Root list", "help" or "about" to start


> (anObject copy) rename "Point"
anObject was copied into Root as 'Root.anObject1'
Root.anObject1 renamed to Root.Point


> (anObject copy) rename "TraitsPoint"
anObject was copied into Root as 'Root.anObject2'
Root.anObject2 renamed to Root.TraitsPoint


> Point.x = 0
'x' set in Root.Point


> Point.y = 0
'y' set in Root.Point


> (anObject copy) rename "Persona"
anObject was copied into Root as 'Root.anObject3'
Root.anObject3 renamed to Root.Persona


> Point.parent = TraitsPoint
'parent' set in Root.Point


> Persona.edad = 42
'edad' set in Root.Persona


> persona.nombre = "Baltasar García Perez-Schofield"
Error: Attribute not found: 'persona' in 'Root'

> Persona.nombre = "Baltasar García Perez-Schofield"
'nombre' set in Root.Persona


> (anObject copy) rename "TraitsPersona"
anObject was copied into Root as 'Root.anObject4'
Root.anObject4 renamed to Root.TraitsPersona


> Persona.parent = TraitsPersona
'parent' set in Root.Persona


> TraitsPoint.shift = {d: self.x = (self.x + d); self.y = (self.y + d)}
'shift' set in Root.TraitsPoint


> Point shift 5
Root.Point.x and Root.bin.lit16 added, giving 5
'x' set in Root.Point
Root.Point.y and Root.bin.lit19 added, giving 5
'y' set in Root.Point



